Archive member included to satisfy reference by file (symbol)

c:/st/stm32cubeide_1.3.0/stm32cubeide/plugins/com.st.stm32cube.ide.mcu.externaltools.gnu-tools-for-stm32.7-2018-q2-update.win32_1.0.0.201904181610/tools/bin/../lib/gcc/arm-none-eabi/7.3.1/../../../../arm-none-eabi/lib/thumb/v6-m\libstdc++_nano.a(del_ops.o)
                              Core/Src/Controller.o (operator delete(void*, unsigned int))
c:/st/stm32cubeide_1.3.0/stm32cubeide/plugins/com.st.stm32cube.ide.mcu.externaltools.gnu-tools-for-stm32.7-2018-q2-update.win32_1.0.0.201904181610/tools/bin/../lib/gcc/arm-none-eabi/7.3.1/../../../../arm-none-eabi/lib/thumb/v6-m\libstdc++_nano.a(new_op.o)
                              Core/Src/Game.o (operator new(unsigned int))
c:/st/stm32cubeide_1.3.0/stm32cubeide/plugins/com.st.stm32cube.ide.mcu.externaltools.gnu-tools-for-stm32.7-2018-q2-update.win32_1.0.0.201904181610/tools/bin/../lib/gcc/arm-none-eabi/7.3.1/../../../../arm-none-eabi/lib/thumb/v6-m\libstdc++_nano.a(new_handler.o)
                              c:/st/stm32cubeide_1.3.0/stm32cubeide/plugins/com.st.stm32cube.ide.mcu.externaltools.gnu-tools-for-stm32.7-2018-q2-update.win32_1.0.0.201904181610/tools/bin/../lib/gcc/arm-none-eabi/7.3.1/../../../../arm-none-eabi/lib/thumb/v6-m\libstdc++_nano.a(new_op.o) (std::get_new_handler())
c:/st/stm32cubeide_1.3.0/stm32cubeide/plugins/com.st.stm32cube.ide.mcu.externaltools.gnu-tools-for-stm32.7-2018-q2-update.win32_1.0.0.201904181610/tools/bin/../lib/gcc/arm-none-eabi/7.3.1/../../../../arm-none-eabi/lib/thumb/v6-m\libstdc++_nano.a(del_op.o)
                              c:/st/stm32cubeide_1.3.0/stm32cubeide/plugins/com.st.stm32cube.ide.mcu.externaltools.gnu-tools-for-stm32.7-2018-q2-update.win32_1.0.0.201904181610/tools/bin/../lib/gcc/arm-none-eabi/7.3.1/../../../../arm-none-eabi/lib/thumb/v6-m\libstdc++_nano.a(del_ops.o) (operator delete(void*))
c:/st/stm32cubeide_1.3.0/stm32cubeide/plugins/com.st.stm32cube.ide.mcu.externaltools.gnu-tools-for-stm32.7-2018-q2-update.win32_1.0.0.201904181610/tools/bin/../lib/gcc/arm-none-eabi/7.3.1/../../../../arm-none-eabi/lib/thumb/v6-m\libc_nano.a(lib_a-abort.o)
                              c:/st/stm32cubeide_1.3.0/stm32cubeide/plugins/com.st.stm32cube.ide.mcu.externaltools.gnu-tools-for-stm32.7-2018-q2-update.win32_1.0.0.201904181610/tools/bin/../lib/gcc/arm-none-eabi/7.3.1/../../../../arm-none-eabi/lib/thumb/v6-m\libstdc++_nano.a(new_op.o) (abort)
c:/st/stm32cubeide_1.3.0/stm32cubeide/plugins/com.st.stm32cube.ide.mcu.externaltools.gnu-tools-for-stm32.7-2018-q2-update.win32_1.0.0.201904181610/tools/bin/../lib/gcc/arm-none-eabi/7.3.1/../../../../arm-none-eabi/lib/thumb/v6-m\libc_nano.a(lib_a-errno.o)
                              Core/Src/syscalls.o (__errno)
c:/st/stm32cubeide_1.3.0/stm32cubeide/plugins/com.st.stm32cube.ide.mcu.externaltools.gnu-tools-for-stm32.7-2018-q2-update.win32_1.0.0.201904181610/tools/bin/../lib/gcc/arm-none-eabi/7.3.1/../../../../arm-none-eabi/lib/thumb/v6-m\libc_nano.a(lib_a-exit.o)
                              c:/st/stm32cubeide_1.3.0/stm32cubeide/plugins/com.st.stm32cube.ide.mcu.externaltools.gnu-tools-for-stm32.7-2018-q2-update.win32_1.0.0.201904181610/tools/bin/../lib/gcc/arm-none-eabi/7.3.1/../../../../arm-none-eabi/lib/thumb/v6-m/crt0.o (exit)
c:/st/stm32cubeide_1.3.0/stm32cubeide/plugins/com.st.stm32cube.ide.mcu.externaltools.gnu-tools-for-stm32.7-2018-q2-update.win32_1.0.0.201904181610/tools/bin/../lib/gcc/arm-none-eabi/7.3.1/../../../../arm-none-eabi/lib/thumb/v6-m\libc_nano.a(lib_a-impure.o)
                              c:/st/stm32cubeide_1.3.0/stm32cubeide/plugins/com.st.stm32cube.ide.mcu.externaltools.gnu-tools-for-stm32.7-2018-q2-update.win32_1.0.0.201904181610/tools/bin/../lib/gcc/arm-none-eabi/7.3.1/../../../../arm-none-eabi/lib/thumb/v6-m\libc_nano.a(lib_a-exit.o) (_global_impure_ptr)
c:/st/stm32cubeide_1.3.0/stm32cubeide/plugins/com.st.stm32cube.ide.mcu.externaltools.gnu-tools-for-stm32.7-2018-q2-update.win32_1.0.0.201904181610/tools/bin/../lib/gcc/arm-none-eabi/7.3.1/../../../../arm-none-eabi/lib/thumb/v6-m\libc_nano.a(lib_a-init.o)
                              c:/st/stm32cubeide_1.3.0/stm32cubeide/plugins/com.st.stm32cube.ide.mcu.externaltools.gnu-tools-for-stm32.7-2018-q2-update.win32_1.0.0.201904181610/tools/bin/../lib/gcc/arm-none-eabi/7.3.1/../../../../arm-none-eabi/lib/thumb/v6-m/crt0.o (__libc_init_array)
c:/st/stm32cubeide_1.3.0/stm32cubeide/plugins/com.st.stm32cube.ide.mcu.externaltools.gnu-tools-for-stm32.7-2018-q2-update.win32_1.0.0.201904181610/tools/bin/../lib/gcc/arm-none-eabi/7.3.1/../../../../arm-none-eabi/lib/thumb/v6-m\libc_nano.a(lib_a-malloc.o)
                              c:/st/stm32cubeide_1.3.0/stm32cubeide/plugins/com.st.stm32cube.ide.mcu.externaltools.gnu-tools-for-stm32.7-2018-q2-update.win32_1.0.0.201904181610/tools/bin/../lib/gcc/arm-none-eabi/7.3.1/../../../../arm-none-eabi/lib/thumb/v6-m\libstdc++_nano.a(new_op.o) (malloc)
[...]
Memory Configuration

Name             Origin             Length             Attributes
RAM              0x0000000020000000 0x0000000000002000 xrw
FLASH            0x0000000008000000 0x0000000000010000 xr
*default*        0x0000000000000000 0xffffffffffffffff

Linker script and memory map

LOAD c:/st/stm32cubeide_1.3.0/stm32cubeide/plugins/com.st.stm32cube.ide.mcu.externaltools.gnu-tools-for-stm32.7-2018-q2-update.win32_1.0.0.201904181610/tools/bin/../lib/gcc/arm-none-eabi/7.3.1/thumb/v6-m/crti.o
LOAD c:/st/stm32cubeide_1.3.0/stm32cubeide/plugins/com.st.stm32cube.ide.mcu.externaltools.gnu-tools-for-stm32.7-2018-q2-update.win32_1.0.0.201904181610/tools/bin/../lib/gcc/arm-none-eabi/7.3.1/thumb/v6-m/crtbegin.o
LOAD c:/st/stm32cubeide_1.3.0/stm32cubeide/plugins/com.st.stm32cube.ide.mcu.externaltools.gnu-tools-for-stm32.7-2018-q2-update.win32_1.0.0.201904181610/tools/bin/../lib/gcc/arm-none-eabi/7.3.1/../../../../arm-none-eabi/lib/thumb/v6-m/crt0.o
LOAD Core/Src/Controller.o
LOAD Core/Src/Entity.o
LOAD Core/Src/Game.o
LOAD Core/Src/Level.o
LOAD Core/Src/Object.o
LOAD Core/Src/Player.o
LOAD Core/Src/SPIConnect.o
LOAD Core/Src/main.o
LOAD Core/Src/stm32f0xx_hal_msp.o
LOAD Core/Src/stm32f0xx_it.o
LOAD Core/Src/syscalls.o
LOAD Core/Src/sysmem.o
LOAD Core/Src/system_stm32f0xx.o
LOAD Core/Startup/startup_stm32f030r8tx.o
LOAD Drivers/STM32F0xx_HAL_Driver/Src/stm32f0xx_hal.o
LOAD Drivers/STM32F0xx_HAL_Driver/Src/stm32f0xx_hal_cortex.o
LOAD Drivers/STM32F0xx_HAL_Driver/Src/stm32f0xx_hal_dma.o
LOAD Drivers/STM32F0xx_HAL_Driver/Src/stm32f0xx_hal_exti.o
LOAD Drivers/STM32F0xx_HAL_Driver/Src/stm32f0xx_hal_flash.o
LOAD Drivers/STM32F0xx_HAL_Driver/Src/stm32f0xx_hal_flash_ex.o
LOAD Drivers/STM32F0xx_HAL_Driver/Src/stm32f0xx_hal_gpio.o
LOAD Drivers/STM32F0xx_HAL_Driver/Src/stm32f0xx_hal_i2c.o
LOAD Drivers/STM32F0xx_HAL_Driver/Src/stm32f0xx_hal_i2c_ex.o
LOAD Drivers/STM32F0xx_HAL_Driver/Src/stm32f0xx_hal_pwr.o
LOAD Drivers/STM32F0xx_HAL_Driver/Src/stm32f0xx_hal_pwr_ex.o
LOAD Drivers/STM32F0xx_HAL_Driver/Src/stm32f0xx_hal_rcc.o
LOAD Drivers/STM32F0xx_HAL_Driver/Src/stm32f0xx_hal_rcc_ex.o
LOAD Drivers/STM32F0xx_HAL_Driver/Src/stm32f0xx_hal_spi.o
LOAD Drivers/STM32F0xx_HAL_Driver/Src/stm32f0xx_hal_spi_ex.o
LOAD Drivers/STM32F0xx_HAL_Driver/Src/stm32f0xx_hal_tim.o
LOAD Drivers/STM32F0xx_HAL_Driver/Src/stm32f0xx_hal_tim_ex.o
START GROUP
LOAD c:/st/stm32cubeide_1.3.0/stm32cubeide/plugins/com.st.stm32cube.ide.mcu.externaltools.gnu-tools-for-stm32.7-2018-q2-update.win32_1.0.0.201904181610/tools/bin/../lib/gcc/arm-none-eabi/7.3.1/../../../../arm-none-eabi/lib/thumb/v6-m\libstdc++_nano.a
LOAD c:/st/stm32cubeide_1.3.0/stm32cubeide/plugins/com.st.stm32cube.ide.mcu.externaltools.gnu-tools-for-stm32.7-2018-q2-update.win32_1.0.0.201904181610/tools/bin/../lib/gcc/arm-none-eabi/7.3.1/../../../../arm-none-eabi/lib/thumb/v6-m\libsupc++_nano.a
END GROUP
LOAD c:/st/stm32cubeide_1.3.0/stm32cubeide/plugins/com.st.stm32cube.ide.mcu.externaltools.gnu-tools-for-stm32.7-2018-q2-update.win32_1.0.0.201904181610/tools/bin/../lib/gcc/arm-none-eabi/7.3.1/../../../../arm-none-eabi/lib/thumb/v6-m\libstdc++_nano.a
LOAD c:/st/stm32cubeide_1.3.0/stm32cubeide/plugins/com.st.stm32cube.ide.mcu.externaltools.gnu-tools-for-stm32.7-2018-q2-update.win32_1.0.0.201904181610/tools/bin/../lib/gcc/arm-none-eabi/7.3.1/../../../../arm-none-eabi/lib/thumb/v6-m\libm.a
LOAD c:/st/stm32cubeide_1.3.0/stm32cubeide/plugins/com.st.stm32cube.ide.mcu.externaltools.gnu-tools-for-stm32.7-2018-q2-update.win32_1.0.0.201904181610/tools/bin/../lib/gcc/arm-none-eabi/7.3.1/../../../../arm-none-eabi/lib/thumb/v6-m\libc_nano.a
START GROUP
LOAD c:/st/stm32cubeide_1.3.0/stm32cubeide/plugins/com.st.stm32cube.ide.mcu.externaltools.gnu-tools-for-stm32.7-2018-q2-update.win32_1.0.0.201904181610/tools/bin/../lib/gcc/arm-none-eabi/7.3.1/thumb/v6-m\libgcc.a
LOAD c:/st/stm32cubeide_1.3.0/stm32cubeide/plugins/com.st.stm32cube.ide.mcu.externaltools.gnu-tools-for-stm32.7-2018-q2-update.win32_1.0.0.201904181610/tools/bin/../lib/gcc/arm-none-eabi/7.3.1/../../../../arm-none-eabi/lib/thumb/v6-m\libc_nano.a
END GROUP
START GROUP
LOAD c:/st/stm32cubeide_1.3.0/stm32cubeide/plugins/com.st.stm32cube.ide.mcu.externaltools.gnu-tools-for-stm32.7-2018-q2-update.win32_1.0.0.201904181610/tools/bin/../lib/gcc/arm-none-eabi/7.3.1/thumb/v6-m\libgcc.a
LOAD c:/st/stm32cubeide_1.3.0/stm32cubeide/plugins/com.st.stm32cube.ide.mcu.externaltools.gnu-tools-for-stm32.7-2018-q2-update.win32_1.0.0.201904181610/tools/bin/../lib/gcc/arm-none-eabi/7.3.1/../../../../arm-none-eabi/lib/thumb/v6-m\libc_nano.a
LOAD c:/st/stm32cubeide_1.3.0/stm32cubeide/plugins/com.st.stm32cube.ide.mcu.externaltools.gnu-tools-for-stm32.7-2018-q2-update.win32_1.0.0.201904181610/tools/bin/../lib/gcc/arm-none-eabi/7.3.1/../../../../arm-none-eabi/lib/thumb/v6-m\libnosys.a
END GROUP
START GROUP
LOAD c:/st/stm32cubeide_1.3.0/stm32cubeide/plugins/com.st.stm32cube.ide.mcu.externaltools.gnu-tools-for-stm32.7-2018-q2-update.win32_1.0.0.201904181610/tools/bin/../lib/gcc/arm-none-eabi/7.3.1/thumb/v6-m\libgcc.a
LOAD c:/st/stm32cubeide_1.3.0/stm32cubeide/plugins/com.st.stm32cube.ide.mcu.externaltools.gnu-tools-for-stm32.7-2018-q2-update.win32_1.0.0.201904181610/tools/bin/../lib/gcc/arm-none-eabi/7.3.1/../../../../arm-none-eabi/lib/thumb/v6-m\libc_nano.a
LOAD c:/st/stm32cubeide_1.3.0/stm32cubeide/plugins/com.st.stm32cube.ide.mcu.externaltools.gnu-tools-for-stm32.7-2018-q2-update.win32_1.0.0.201904181610/tools/bin/../lib/gcc/arm-none-eabi/7.3.1/../../../../arm-none-eabi/lib/thumb/v6-m\libnosys.a
END GROUP
LOAD c:/st/stm32cubeide_1.3.0/stm32cubeide/plugins/com.st.stm32cube.ide.mcu.externaltools.gnu-tools-for-stm32.7-2018-q2-update.win32_1.0.0.201904181610/tools/bin/../lib/gcc/arm-none-eabi/7.3.1/thumb/v6-m/crtend.o
LOAD c:/st/stm32cubeide_1.3.0/stm32cubeide/plugins/com.st.stm32cube.ide.mcu.externaltools.gnu-tools-for-stm32.7-2018-q2-update.win32_1.0.0.201904181610/tools/bin/../lib/gcc/arm-none-eabi/7.3.1/thumb/v6-m/crtn.o
                0x0000000020002000                _estack = (ORIGIN (RAM) + LENGTH (RAM))
                0x0000000000000200                _Min_Heap_Size = 0x200
                0x0000000000000400                _Min_Stack_Size = 0x400

.isr_vector     0x0000000008000000       0xc0
                0x0000000008000000                . = ALIGN (0x4)
 *(.isr_vector)
 .isr_vector    0x0000000008000000       0xc0 Core/Startup/startup_stm32f030r8tx.o
                0x0000000008000000                g_pfnVectors
                0x00000000080000c0                . = ALIGN (0x4)

.text           0x00000000080000c0     0x262c
                0x00000000080000c0                . = ALIGN (0x4)
 *(.text)
 .text          0x00000000080000c0       0x48 c:/st/stm32cubeide_1.3.0/stm32cubeide/plugins/com.st.stm32cube.ide.mcu.externaltools.gnu-tools-for-stm32.7-2018-q2-update.win32_1.0.0.201904181610/tools/bin/../lib/gcc/arm-none-eabi/7.3.1/thumb/v6-m/crtbegin.o
 .text          0x0000000008000108      0x114 c:/st/stm32cubeide_1.3.0/stm32cubeide/plugins/com.st.stm32cube.ide.mcu.externaltools.gnu-tools-for-stm32.7-2018-q2-update.win32_1.0.0.201904181610/tools/bin/../lib/gcc/arm-none-eabi/7.3.1/thumb/v6-m\libgcc.a(_udivsi3.o)
                0x0000000008000108                __aeabi_uidiv
                0x0000000008000108                __udivsi3
                0x0000000008000214                __aeabi_uidivmod
 .text          0x000000000800021c        0x4 c:/st/stm32cubeide_1.3.0/stm32cubeide/plugins/com.st.stm32cube.ide.mcu.externaltools.gnu-tools-for-stm32.7-2018-q2-update.win32_1.0.0.201904181610/tools/bin/../lib/gcc/arm-none-eabi/7.3.1/thumb/v6-m\libgcc.a(_dvmd_tls.o)
                0x000000000800021c                __aeabi_idiv0
                0x000000000800021c                __aeabi_ldiv0
 *(.text*)
 .text._ZN10ControllerC2Ev
                0x0000000008000220       0x1c Core/Src/Controller.o
                0x0000000008000220                Controller::Controller()
                0x0000000008000220                Controller::Controller()
 .text._ZN10ControllerD2Ev
                0x000000000800023c       0x1c Core/Src/Controller.o
                0x000000000800023c                Controller::~Controller()
                0x000000000800023c                Controller::~Controller()
 .text._ZN10ControllerD0Ev
                0x0000000008000258       0x24 Core/Src/Controller.o
                0x0000000008000258                Controller::~Controller()
 .text._ZN10Controller16setButtonPressedE6Button
                0x000000000800027c       0x18 Core/Src/Controller.o
                0x000000000800027c                Controller::setButtonPressed(Button)
 .text._ZN10Controller16getButtonPressedEv
                0x0000000008000294       0x14 Core/Src/Controller.o
                0x0000000008000294                Controller::getButtonPressed()
 .text._ZN6EntityC2Ev
                0x00000000080002a8       0x1c Core/Src/Entity.o
                0x00000000080002a8                Entity::Entity()
                0x00000000080002a8                Entity::Entity()
 .text._ZN6EntityC2Eii
                0x00000000080002c4       0x2c Core/Src/Entity.o
                0x00000000080002c4                Entity::Entity(int, int)
                0x00000000080002c4                Entity::Entity(int, int)
 .text._ZN6EntityD2Ev
                0x00000000080002f0       0x1c Core/Src/Entity.o
                0x00000000080002f0                Entity::~Entity()
                0x00000000080002f0                Entity::~Entity()
 .text._ZN6EntityD0Ev
                0x000000000800030c       0x24 Core/Src/Entity.o
                0x000000000800030c                Entity::~Entity()
 .text._ZN6Entity4getXEv
                0x0000000008000330       0x14 Core/Src/Entity.o
                0x0000000008000330                Entity::getX()
 .text._ZN6Entity4moveE9Direction
                0x0000000008000344       0x66 Core/Src/Entity.o
                0x0000000008000344                Entity::move(Direction)
 *fill*         0x00000000080003aa        0x2 
 .text._ZN4GameC2Ev
                0x00000000080003ac       0x3c Core/Src/Game.o
                0x00000000080003ac                Game::Game()
                0x00000000080003ac                Game::Game()
 .text._ZN4GameD2Ev
                0x00000000080003e8       0x1c Core/Src/Game.o
                0x00000000080003e8                Game::~Game()
                0x00000000080003e8                Game::~Game()
 .text._ZN4GameD0Ev
                0x0000000008000404       0x24 Core/Src/Game.o
                0x0000000008000404                Game::~Game()
 .text._ZN4Game6updateEv
                0x0000000008000428       0x22 Core/Src/Game.o
                0x0000000008000428                Game::update()
 .text._ZN4Game14setController1EP10Controller
                0x000000000800044a       0x18 Core/Src/Game.o
                0x000000000800044a                Game::setController1(Controller*)
 .text._ZN4Game14setController2EP10Controller
                0x0000000008000462       0x18 Core/Src/Game.o
                0x0000000008000462                Game::setController2(Controller*)
 *fill*         0x000000000800047a        0x2 
 .text._ZN5LevelC2Eiii
                0x000000000800047c       0xd0 Core/Src/Level.o
                0x000000000800047c                Level::Level(int, int, int)
                0x000000000800047c                Level::Level(int, int, int)
 .text._ZN5LevelD2Ev
                0x000000000800054c       0x7c Core/Src/Level.o
                0x000000000800054c                Level::~Level()
                0x000000000800054c                Level::~Level()
 .text._ZN5LevelD0Ev
                0x00000000080005c8       0x28 Core/Src/Level.o
                0x00000000080005c8                Level::~Level()
 .text._ZN5Level6updateEP10ControllerS1_
                0x00000000080005f0      0x104 Core/Src/Level.o
                0x00000000080005f0                Level::update(Controller*, Controller*)
 .text._ZN6ObjectC2Ev
                0x00000000080006f4       0x1c Core/Src/Object.o
                0x00000000080006f4                Object::Object()
                0x00000000080006f4                Object::Object()
 .text._ZN6ObjectD2Ev
                0x0000000008000710       0x1c Core/Src/Object.o
                0x0000000008000710                Object::~Object()
                0x0000000008000710                Object::~Object()
 .text._ZN6ObjectD0Ev
                0x000000000800072c       0x24 Core/Src/Object.o
                0x000000000800072c                Object::~Object()
 .text._ZN6PlayerC2EPcii
                0x0000000008000750       0x34 Core/Src/Player.o
                0x0000000008000750                Player::Player(char*, int, int)
                0x0000000008000750                Player::Player(char*, int, int)
 .text._ZN6PlayerD2Ev
                0x0000000008000784       0x24 Core/Src/Player.o
                0x0000000008000784                Player::~Player()
                0x0000000008000784                Player::~Player()
 .text._ZN6PlayerD0Ev
                0x00000000080007a8       0x24 Core/Src/Player.o
                0x00000000080007a8                Player::~Player()
 .text._Z13Error_Handlerv
                0x00000000080007cc        0xa Core/Src/SPIConnect.o
                0x00000000080007cc                Error_Handler()
 *fill*         0x00000000080007d6        0x2 
 .text._ZL12MX_SPI2_Initv
                0x00000000080007d8       0x84 Core/Src/SPIConnect.o
 .text._ZN10SPIConnectC2Ev
                0x000000000800085c       0x20 Core/Src/SPIConnect.o
                0x000000000800085c                SPIConnect::SPIConnect()
                0x000000000800085c                SPIConnect::SPIConnect()
 .text._ZN10SPIConnectD2Ev
                0x000000000800087c       0x1c Core/Src/SPIConnect.o
                0x000000000800087c                SPIConnect::~SPIConnect()
                0x000000000800087c                SPIConnect::~SPIConnect()
 .text._ZN10SPIConnectD0Ev
                0x0000000008000898       0x24 Core/Src/SPIConnect.o
                0x0000000008000898                SPIConnect::~SPIConnect()
 .text._ZN10SPIConnect5writeEht
                0x00000000080008bc       0x74 Core/Src/SPIConnect.o
                0x00000000080008bc                SPIConnect::write(unsigned char, unsigned short)
 .text.main     0x0000000008000930      0x208 Core/Src/main.o
                0x0000000008000930                main
 .text._Z18SystemClock_Configv
                0x0000000008000b38       0x90 Core/Src/main.o
                0x0000000008000b38                SystemClock_Config()
 .text._ZL12MX_GPIO_Initv
                0x0000000008000bc8      0x114 Core/Src/main.o
 .text.Error_Handler
                0x0000000008000cdc        0xa Core/Src/main.o
                0x0000000008000cdc                Error_Handler
 *fill*         0x0000000008000ce6        0x2 
 .text.HAL_MspInit
                0x0000000008000ce8       0x48 Core/Src/stm32f0xx_hal_msp.o
                0x0000000008000ce8                HAL_MspInit
 .text.HAL_SPI_MspInit
                0x0000000008000d30       0x9c Core/Src/stm32f0xx_hal_msp.o
                0x0000000008000d30                HAL_SPI_MspInit
 .text.NMI_Handler
                0x0000000008000dcc        0xa Core/Src/stm32f0xx_it.o
                0x0000000008000dcc                NMI_Handler
 .text.HardFault_Handler
                0x0000000008000dd6        0x6 Core/Src/stm32f0xx_it.o
                0x0000000008000dd6                HardFault_Handler
 .text.SVC_Handler
                0x0000000008000ddc        0xa Core/Src/stm32f0xx_it.o
                0x0000000008000ddc                SVC_Handler
 .text.PendSV_Handler
                0x0000000008000de6        0xa Core/Src/stm32f0xx_it.o
                0x0000000008000de6                PendSV_Handler
 .text.SysTick_Handler
                0x0000000008000df0        0xe Core/Src/stm32f0xx_it.o
                0x0000000008000df0                SysTick_Handler
 .text._getpid  0x0000000008000dfe        0xc Core/Src/syscalls.o
                0x0000000008000dfe                _getpid
 .text._kill    0x0000000008000e0a       0x20 Core/Src/syscalls.o
                0x0000000008000e0a                _kill
 .text._exit    0x0000000008000e2a       0x18 Core/Src/syscalls.o
                0x0000000008000e2a                _exit
 *fill*         0x0000000008000e42        0x2 
 .text._sbrk    0x0000000008000e44       0x58 Core/Src/sysmem.o
                0x0000000008000e44                _sbrk
 .text.SystemInit
                0x0000000008000e9c        0xa Core/Src/system_stm32f0xx.o
                0x0000000008000e9c                SystemInit
 *fill*         0x0000000008000ea6        0x2 
 .text.Reset_Handler
                0x0000000008000ea8       0x50 Core/Startup/startup_stm32f030r8tx.o
                0x0000000008000ea8                Reset_Handler
 .text.Default_Handler
                0x0000000008000ef8        0x2 Core/Startup/startup_stm32f030r8tx.o
                0x0000000008000ef8                TIM1_CC_IRQHandler
                0x0000000008000ef8                TIM6_IRQHandler
                0x0000000008000ef8                I2C1_IRQHandler
                0x0000000008000ef8                SPI1_IRQHandler
                0x0000000008000ef8                EXTI2_3_IRQHandler
                0x0000000008000ef8                ADC1_IRQHandler
                0x0000000008000ef8                I2C2_IRQHandler
                0x0000000008000ef8                TIM17_IRQHandler
                0x0000000008000ef8                RTC_IRQHandler
                0x0000000008000ef8                TIM16_IRQHandler
                0x0000000008000ef8                TIM3_IRQHandler
                0x0000000008000ef8                EXTI4_15_IRQHandler
                0x0000000008000ef8                RCC_IRQHandler
                0x0000000008000ef8                DMA1_Channel1_IRQHandler
                0x0000000008000ef8                Default_Handler
                0x0000000008000ef8                TIM14_IRQHandler
                0x0000000008000ef8                DMA1_Channel4_5_IRQHandler
                0x0000000008000ef8                TIM15_IRQHandler
                0x0000000008000ef8                EXTI0_1_IRQHandler
                0x0000000008000ef8                SPI2_IRQHandler
                0x0000000008000ef8                WWDG_IRQHandler
                0x0000000008000ef8                DMA1_Channel2_3_IRQHandler
                0x0000000008000ef8                USART2_IRQHandler
                0x0000000008000ef8                FLASH_IRQHandler
                0x0000000008000ef8                USART1_IRQHandler
                0x0000000008000ef8                TIM1_BRK_UP_TRG_COM_IRQHandler
 *fill*         0x0000000008000efa        0x2 
 .text.HAL_Init
                0x0000000008000efc       0x28 Drivers/STM32F0xx_HAL_Driver/Src/stm32f0xx_hal.o
                0x0000000008000efc                HAL_Init
 .text.HAL_InitTick
                0x0000000008000f24       0x68 Drivers/STM32F0xx_HAL_Driver/Src/stm32f0xx_hal.o
                0x0000000008000f24                HAL_InitTick
 .text.HAL_IncTick
                0x0000000008000f8c       0x24 Drivers/STM32F0xx_HAL_Driver/Src/stm32f0xx_hal.o
                0x0000000008000f8c                HAL_IncTick
 .text.HAL_GetTick
                0x0000000008000fb0       0x14 Drivers/STM32F0xx_HAL_Driver/Src/stm32f0xx_hal.o
                0x0000000008000fb0                HAL_GetTick
 .text.HAL_Delay
                0x0000000008000fc4       0x44 Drivers/STM32F0xx_HAL_Driver/Src/stm32f0xx_hal.o
                0x0000000008000fc4                HAL_Delay
 .text.__NVIC_SetPriority
                0x0000000008001008       0xdc Drivers/STM32F0xx_HAL_Driver/Src/stm32f0xx_hal_cortex.o
 .text.SysTick_Config
                0x00000000080010e4       0x48 Drivers/STM32F0xx_HAL_Driver/Src/stm32f0xx_hal_cortex.o
 .text.HAL_NVIC_SetPriority
                0x000000000800112c       0x2a Drivers/STM32F0xx_HAL_Driver/Src/stm32f0xx_hal_cortex.o
                0x000000000800112c                HAL_NVIC_SetPriority
 .text.HAL_SYSTICK_Config
                0x0000000008001156       0x1a Drivers/STM32F0xx_HAL_Driver/Src/stm32f0xx_hal_cortex.o
                0x0000000008001156                HAL_SYSTICK_Config
 .text.HAL_GPIO_Init
                0x0000000008001170      0x2e0 Drivers/STM32F0xx_HAL_Driver/Src/stm32f0xx_hal_gpio.o
                0x0000000008001170                HAL_GPIO_Init
 .text.HAL_GPIO_ReadPin
                0x0000000008001450       0x3a Drivers/STM32F0xx_HAL_Driver/Src/stm32f0xx_hal_gpio.o
                0x0000000008001450                HAL_GPIO_ReadPin
 .text.HAL_GPIO_WritePin
                0x000000000800148a       0x3a Drivers/STM32F0xx_HAL_Driver/Src/stm32f0xx_hal_gpio.o
                0x000000000800148a                HAL_GPIO_WritePin
 .text.HAL_RCC_OscConfig
                0x00000000080014c4      0x638 Drivers/STM32F0xx_HAL_Driver/Src/stm32f0xx_hal_rcc.o
                0x00000000080014c4                HAL_RCC_OscConfig
 .text.HAL_RCC_ClockConfig
                0x0000000008001afc      0x19c Drivers/STM32F0xx_HAL_Driver/Src/stm32f0xx_hal_rcc.o
                0x0000000008001afc                HAL_RCC_ClockConfig
 .text.HAL_RCC_GetSysClockFreq
                0x0000000008001c98       0xc8 Drivers/STM32F0xx_HAL_Driver/Src/stm32f0xx_hal_rcc.o
                0x0000000008001c98                HAL_RCC_GetSysClockFreq
 .text.HAL_SPI_Init
                0x0000000008001d60      0x134 Drivers/STM32F0xx_HAL_Driver/Src/stm32f0xx_hal_spi.o
                0x0000000008001d60                HAL_SPI_Init
 .text.HAL_SPI_Transmit
                0x0000000008001e94      0x302 Drivers/STM32F0xx_HAL_Driver/Src/stm32f0xx_hal_spi.o
                0x0000000008001e94                HAL_SPI_Transmit
 *fill*         0x0000000008002196        0x2 
 .text.SPI_WaitFlagStateUntilTimeout
                0x0000000008002198       0xe0 Drivers/STM32F0xx_HAL_Driver/Src/stm32f0xx_hal_spi.o
 .text.SPI_WaitFifoStateUntilTimeout
                0x0000000008002278       0xe8 Drivers/STM32F0xx_HAL_Driver/Src/stm32f0xx_hal_spi.o
 .text.SPI_EndRxTxTransaction
                0x0000000008002360       0x8c Drivers/STM32F0xx_HAL_Driver/Src/stm32f0xx_hal_spi.o
 .text._ZdlPvj  0x00000000080023ec        0x8 c:/st/stm32cubeide_1.3.0/stm32cubeide/plugins/com.st.stm32cube.ide.mcu.externaltools.gnu-tools-for-stm32.7-2018-q2-update.win32_1.0.0.201904181610/tools/bin/../lib/gcc/arm-none-eabi/7.3.1/../../../../arm-none-eabi/lib/thumb/v6-m\libstdc++_nano.a(del_ops.o)
                0x00000000080023ec                operator delete(void*, unsigned int)
 .text._Znwj    0x00000000080023f4       0x24 c:/st/stm32cubeide_1.3.0/stm32cubeide/plugins/com.st.stm32cube.ide.mcu.externaltools.gnu-tools-for-stm32.7-2018-q2-update.win32_1.0.0.201904181610/tools/bin/../lib/gcc/arm-none-eabi/7.3.1/../../../../arm-none-eabi/lib/thumb/v6-m\libstdc++_nano.a(new_op.o)
                0x00000000080023f4                operator new(unsigned int)
 .text._ZSt15get_new_handlerv
                0x0000000008002418        0xc c:/st/stm32cubeide_1.3.0/stm32cubeide/plugins/com.st.stm32cube.ide.mcu.externaltools.gnu-tools-for-stm32.7-2018-q2-update.win32_1.0.0.201904181610/tools/bin/../lib/gcc/arm-none-eabi/7.3.1/../../../../arm-none-eabi/lib/thumb/v6-m\libstdc++_nano.a(new_handler.o)
                0x0000000008002418                std::get_new_handler()
 .text._ZdlPv   0x0000000008002424        0x8 c:/st/stm32cubeide_1.3.0/stm32cubeide/plugins/com.st.stm32cube.ide.mcu.externaltools.gnu-tools-for-stm32.7-2018-q2-update.win32_1.0.0.201904181610/tools/bin/../lib/gcc/arm-none-eabi/7.3.1/../../../../arm-none-eabi/lib/thumb/v6-m\libstdc++_nano.a(del_op.o)
                0x0000000008002424                operator delete(void*)
 .text.abort    0x000000000800242c        0xe c:/st/stm32cubeide_1.3.0/stm32cubeide/plugins/com.st.stm32cube.ide.mcu.externaltools.gnu-tools-for-stm32.7-2018-q2-update.win32_1.0.0.201904181610/tools/bin/../lib/gcc/arm-none-eabi/7.3.1/../../../../arm-none-eabi/lib/thumb/v6-m\libc_nano.a(lib_a-abort.o)
                0x000000000800242c                abort
 *fill*         0x000000000800243a        0x2 
 .text.__errno  0x000000000800243c        0xc c:/st/stm32cubeide_1.3.0/stm32cubeide/plugins/com.st.stm32cube.ide.mcu.externaltools.gnu-tools-for-stm32.7-2018-q2-update.win32_1.0.0.201904181610/tools/bin/../lib/gcc/arm-none-eabi/7.3.1/../../../../arm-none-eabi/lib/thumb/v6-m\libc_nano.a(lib_a-errno.o)
                0x000000000800243c                __errno
 .text.__libc_init_array
                0x0000000008002448       0x48 c:/st/stm32cubeide_1.3.0/stm32cubeide/plugins/com.st.stm32cube.ide.mcu.externaltools.gnu-tools-for-stm32.7-2018-q2-update.win32_1.0.0.201904181610/tools/bin/../lib/gcc/arm-none-eabi/7.3.1/../../../../arm-none-eabi/lib/thumb/v6-m\libc_nano.a(lib_a-init.o)
                0x0000000008002448                __libc_init_array
 .text.malloc   0x0000000008002490       0x14 c:/st/stm32cubeide_1.3.0/stm32cubeide/plugins/com.st.stm32cube.ide.mcu.externaltools.gnu-tools-for-stm32.7-2018-q2-update.win32_1.0.0.201904181610/tools/bin/../lib/gcc/arm-none-eabi/7.3.1/../../../../arm-none-eabi/lib/thumb/v6-m\libc_nano.a(lib_a-malloc.o)
                0x0000000008002490                malloc
 .text.free     0x00000000080024a4       0x14 c:/st/stm32cubeide_1.3.0/stm32cubeide/plugins/com.st.stm32cube.ide.mcu.externaltools.gnu-tools-for-stm32.7-2018-q2-update.win32_1.0.0.201904181610/tools/bin/../lib/gcc/arm-none-eabi/7.3.1/../../../../arm-none-eabi/lib/thumb/v6-m\libc_nano.a(lib_a-malloc.o)
                0x00000000080024a4                free
 .text.memset   0x00000000080024b8       0x10 c:/st/stm32cubeide_1.3.0/stm32cubeide/plugins/com.st.stm32cube.ide.mcu.externaltools.gnu-tools-for-stm32.7-2018-q2-update.win32_1.0.0.201904181610/tools/bin/../lib/gcc/arm-none-eabi/7.3.1/../../../../arm-none-eabi/lib/thumb/v6-m\libc_nano.a(lib_a-memset.o)
                0x00000000080024b8                memset
 .text._free_r  0x00000000080024c8       0x94 c:/st/stm32cubeide_1.3.0/stm32cubeide/plugins/com.st.stm32cube.ide.mcu.externaltools.gnu-tools-for-stm32.7-2018-q2-update.win32_1.0.0.201904181610/tools/bin/../lib/gcc/arm-none-eabi/7.3.1/../../../../arm-none-eabi/lib/thumb/v6-m\libc_nano.a(lib_a-nano-freer.o)
                0x00000000080024c8                _free_r
 .text._malloc_r
                0x000000000800255c       0xbc c:/st/stm32cubeide_1.3.0/stm32cubeide/plugins/com.st.stm32cube.ide.mcu.externaltools.gnu-tools-for-stm32.7-2018-q2-update.win32_1.0.0.201904181610/tools/bin/../lib/gcc/arm-none-eabi/7.3.1/../../../../arm-none-eabi/lib/thumb/v6-m\libc_nano.a(lib_a-nano-mallocr.o)
                0x000000000800255c                _malloc_r
 .text._sbrk_r  0x0000000008002618       0x24 c:/st/stm32cubeide_1.3.0/stm32cubeide/plugins/com.st.stm32cube.ide.mcu.externaltools.gnu-tools-for-stm32.7-2018-q2-update.win32_1.0.0.201904181610/tools/bin/../lib/gcc/arm-none-eabi/7.3.1/../../../../arm-none-eabi/lib/thumb/v6-m\libc_nano.a(lib_a-sbrkr.o)
                0x0000000008002618                _sbrk_r
 .text._raise_r
                0x000000000800263c       0x54 c:/st/stm32cubeide_1.3.0/stm32cubeide/plugins/com.st.stm32cube.ide.mcu.externaltools.gnu-tools-for-stm32.7-2018-q2-update.win32_1.0.0.201904181610/tools/bin/../lib/gcc/arm-none-eabi/7.3.1/../../../../arm-none-eabi/lib/thumb/v6-m\libc_nano.a(lib_a-signal.o)
                0x000000000800263c                _raise_r
 .text.raise    0x0000000008002690       0x14 c:/st/stm32cubeide_1.3.0/stm32cubeide/plugins/com.st.stm32cube.ide.mcu.externaltools.gnu-tools-for-stm32.7-2018-q2-update.win32_1.0.0.201904181610/tools/bin/../lib/gcc/arm-none-eabi/7.3.1/../../../../arm-none-eabi/lib/thumb/v6-m\libc_nano.a(lib_a-signal.o)
                0x0000000008002690                raise
 .text._kill_r  0x00000000080026a4       0x24 c:/st/stm32cubeide_1.3.0/stm32cubeide/plugins/com.st.stm32cube.ide.mcu.externaltools.gnu-tools-for-stm32.7-2018-q2-update.win32_1.0.0.201904181610/tools/bin/../lib/gcc/arm-none-eabi/7.3.1/../../../../arm-none-eabi/lib/thumb/v6-m\libc_nano.a(lib_a-signalr.o)
                0x00000000080026a4                _kill_r
 .text._getpid_r
                0x00000000080026c8        0x8 c:/st/stm32cubeide_1.3.0/stm32cubeide/plugins/com.st.stm32cube.ide.mcu.externaltools.gnu-tools-for-stm32.7-2018-q2-update.win32_1.0.0.201904181610/tools/bin/../lib/gcc/arm-none-eabi/7.3.1/../../../../arm-none-eabi/lib/thumb/v6-m\libc_nano.a(lib_a-signalr.o)
                0x00000000080026c8                _getpid_r
 .text.__malloc_lock
                0x00000000080026d0        0x2 c:/st/stm32cubeide_1.3.0/stm32cubeide/plugins/com.st.stm32cube.ide.mcu.externaltools.gnu-tools-for-stm32.7-2018-q2-update.win32_1.0.0.201904181610/tools/bin/../lib/gcc/arm-none-eabi/7.3.1/../../../../arm-none-eabi/lib/thumb/v6-m\libc_nano.a(lib_a-mlock.o)
                0x00000000080026d0                __malloc_lock
 .text.__malloc_unlock
                0x00000000080026d2        0x2 c:/st/stm32cubeide_1.3.0/stm32cubeide/plugins/com.st.stm32cube.ide.mcu.externaltools.gnu-tools-for-stm32.7-2018-q2-update.win32_1.0.0.201904181610/tools/bin/../lib/gcc/arm-none-eabi/7.3.1/../../../../arm-none-eabi/lib/thumb/v6-m\libc_nano.a(lib_a-mlock.o)
                0x00000000080026d2                __malloc_unlock
 *(.glue_7)
 .glue_7        0x00000000080026d4        0x0 linker stubs
 *(.glue_7t)
 .glue_7t       0x00000000080026d4        0x0 linker stubs
 *(.eh_frame)
 .eh_frame      0x00000000080026d4        0x0 c:/st/stm32cubeide_1.3.0/stm32cubeide/plugins/com.st.stm32cube.ide.mcu.externaltools.gnu-tools-for-stm32.7-2018-q2-update.win32_1.0.0.201904181610/tools/bin/../lib/gcc/arm-none-eabi/7.3.1/thumb/v6-m/crtbegin.o
 *(.init)
 .init          0x00000000080026d4        0x4 c:/st/stm32cubeide_1.3.0/stm32cubeide/plugins/com.st.stm32cube.ide.mcu.externaltools.gnu-tools-for-stm32.7-2018-q2-update.win32_1.0.0.201904181610/tools/bin/../lib/gcc/arm-none-eabi/7.3.1/thumb/v6-m/crti.o
                0x00000000080026d4                _init
 .init          0x00000000080026d8        0x8 c:/st/stm32cubeide_1.3.0/stm32cubeide/plugins/com.st.stm32cube.ide.mcu.externaltools.gnu-tools-for-stm32.7-2018-q2-update.win32_1.0.0.201904181610/tools/bin/../lib/gcc/arm-none-eabi/7.3.1/thumb/v6-m/crtn.o
 *(.fini)
 .fini          0x00000000080026e0        0x4 c:/st/stm32cubeide_1.3.0/stm32cubeide/plugins/com.st.stm32cube.ide.mcu.externaltools.gnu-tools-for-stm32.7-2018-q2-update.win32_1.0.0.201904181610/tools/bin/../lib/gcc/arm-none-eabi/7.3.1/thumb/v6-m/crti.o
                0x00000000080026e0                _fini
 .fini          0x00000000080026e4        0x8 c:/st/stm32cubeide_1.3.0/stm32cubeide/plugins/com.st.stm32cube.ide.mcu.externaltools.gnu-tools-for-stm32.7-2018-q2-update.win32_1.0.0.201904181610/tools/bin/../lib/gcc/arm-none-eabi/7.3.1/thumb/v6-m/crtn.o
                0x00000000080026ec                . = ALIGN (0x4)
                0x00000000080026ec                _etext = .

.vfp11_veneer   0x00000000080026ec        0x0
 .vfp11_veneer  0x00000000080026ec        0x0 linker stubs

.v4_bx          0x00000000080026ec        0x0
 .v4_bx         0x00000000080026ec        0x0 linker stubs

.iplt           0x00000000080026ec        0x0
 .iplt          0x00000000080026ec        0x0 c:/st/stm32cubeide_1.3.0/stm32cubeide/plugins/com.st.stm32cube.ide.mcu.externaltools.gnu-tools-for-stm32.7-2018-q2-update.win32_1.0.0.201904181610/tools/bin/../lib/gcc/arm-none-eabi/7.3.1/thumb/v6-m/crtbegin.o

.rodata         0x00000000080026ec       0xb0
                0x00000000080026ec                . = ALIGN (0x4)
 *(.rodata)
 .rodata        0x00000000080026ec       0x10 Core/Src/Level.o
 .rodata        0x00000000080026fc       0x20 Drivers/STM32F0xx_HAL_Driver/Src/stm32f0xx_hal_rcc.o
 *(.rodata*)
 .rodata._ZTV10Controller
                0x000000000800271c       0x10 Core/Src/Controller.o
                0x000000000800271c                vtable for Controller
 .rodata._ZTV6Entity
                0x000000000800272c       0x10 Core/Src/Entity.o
                0x000000000800272c                vtable for Entity
 .rodata._ZTV4Game
                0x000000000800273c       0x10 Core/Src/Game.o
                0x000000000800273c                vtable for Game
 .rodata._ZTV5Level
                0x000000000800274c       0x10 Core/Src/Level.o
                0x000000000800274c                vtable for Level
 .rodata._ZTV6Object
                0x000000000800275c       0x10 Core/Src/Object.o
                0x000000000800275c                vtable for Object
 .rodata._ZTV6Player
                0x000000000800276c       0x10 Core/Src/Player.o
                0x000000000800276c                vtable for Player
 .rodata._ZTV10SPIConnect
                0x000000000800277c       0x10 Core/Src/SPIConnect.o
                0x000000000800277c                vtable for SPIConnect
 .rodata.AHBPrescTable
                0x000000000800278c       0x10 Core/Src/system_stm32f0xx.o
                0x000000000800278c                AHBPrescTable
                0x000000000800279c                . = ALIGN (0x4)

.rel.dyn        0x000000000800279c        0x0
 .rel.iplt      0x000000000800279c        0x0 c:/st/stm32cubeide_1.3.0/stm32cubeide/plugins/com.st.stm32cube.ide.mcu.externaltools.gnu-tools-for-stm32.7-2018-q2-update.win32_1.0.0.201904181610/tools/bin/../lib/gcc/arm-none-eabi/7.3.1/thumb/v6-m/crtbegin.o

.ARM.extab      0x000000000800279c        0x0
                0x000000000800279c                . = ALIGN (0x4)
 *(.ARM.extab* .gnu.linkonce.armextab.*)
                0x000000000800279c                . = ALIGN (0x4)

.ARM            0x000000000800279c        0x0
                0x000000000800279c                . = ALIGN (0x4)
                0x000000000800279c                __exidx_start = .
 *(.ARM.exidx*)
                0x000000000800279c                __exidx_end = .
                0x000000000800279c                . = ALIGN (0x4)

.preinit_array  0x000000000800279c        0x0
                0x000000000800279c                . = ALIGN (0x4)
                0x000000000800279c                PROVIDE (__preinit_array_start = .)
 *(.preinit_array*)
                0x000000000800279c                PROVIDE (__preinit_array_end = .)
                0x000000000800279c                . = ALIGN (0x4)

.init_array     0x000000000800279c        0x4
                0x000000000800279c                . = ALIGN (0x4)
                0x000000000800279c                PROVIDE (__init_array_start = .)
 *(SORT_BY_NAME(.init_array.*))
 *(.init_array*)
 .init_array    0x000000000800279c        0x4 c:/st/stm32cubeide_1.3.0/stm32cubeide/plugins/com.st.stm32cube.ide.mcu.externaltools.gnu-tools-for-stm32.7-2018-q2-update.win32_1.0.0.201904181610/tools/bin/../lib/gcc/arm-none-eabi/7.3.1/thumb/v6-m/crtbegin.o
                0x00000000080027a0                PROVIDE (__init_array_end = .)
                0x00000000080027a0                . = ALIGN (0x4)

.fini_array     0x00000000080027a0        0x4
                0x00000000080027a0                . = ALIGN (0x4)
                [!provide]                        PROVIDE (__fini_array_start = .)
 *(SORT_BY_NAME(.fini_array.*))
 *(.fini_array*)
 .fini_array    0x00000000080027a0        0x4 c:/st/stm32cubeide_1.3.0/stm32cubeide/plugins/com.st.stm32cube.ide.mcu.externaltools.gnu-tools-for-stm32.7-2018-q2-update.win32_1.0.0.201904181610/tools/bin/../lib/gcc/arm-none-eabi/7.3.1/thumb/v6-m/crtbegin.o
                [!provide]                        PROVIDE (__fini_array_end = .)
                0x00000000080027a4                . = ALIGN (0x4)
                0x00000000080027a4                _sidata = LOADADDR (.data)

.data           0x0000000020000000       0x70 load address 0x00000000080027a4
                0x0000000020000000                . = ALIGN (0x4)
                0x0000000020000000                _sdata = .
 *(.data)
 *(.data*)
 .data.SystemCoreClock
                0x0000000020000000        0x4 Core/Src/system_stm32f0xx.o
                0x0000000020000000                SystemCoreClock
 .data.uwTickPrio
                0x0000000020000004        0x4 Drivers/STM32F0xx_HAL_Driver/Src/stm32f0xx_hal.o
                0x0000000020000004                uwTickPrio
 .data.uwTickFreq
                0x0000000020000008        0x1 Drivers/STM32F0xx_HAL_Driver/Src/stm32f0xx_hal.o
                0x0000000020000008                uwTickFreq
 *fill*         0x0000000020000009        0x3 
 .data._impure_ptr
                0x000000002000000c        0x4 c:/st/stm32cubeide_1.3.0/stm32cubeide/plugins/com.st.stm32cube.ide.mcu.externaltools.gnu-tools-for-stm32.7-2018-q2-update.win32_1.0.0.201904181610/tools/bin/../lib/gcc/arm-none-eabi/7.3.1/../../../../arm-none-eabi/lib/thumb/v6-m\libc_nano.a(lib_a-impure.o)
                0x000000002000000c                _impure_ptr
 .data.impure_data
                0x0000000020000010       0x60 c:/st/stm32cubeide_1.3.0/stm32cubeide/plugins/com.st.stm32cube.ide.mcu.externaltools.gnu-tools-for-stm32.7-2018-q2-update.win32_1.0.0.201904181610/tools/bin/../lib/gcc/arm-none-eabi/7.3.1/../../../../arm-none-eabi/lib/thumb/v6-m\libc_nano.a(lib_a-impure.o)
                0x0000000020000070                . = ALIGN (0x4)
                0x0000000020000070                _edata = .

.igot.plt       0x0000000020000070        0x0 load address 0x0000000008002814
 .igot.plt      0x0000000020000070        0x0 c:/st/stm32cubeide_1.3.0/stm32cubeide/plugins/com.st.stm32cube.ide.mcu.externaltools.gnu-tools-for-stm32.7-2018-q2-update.win32_1.0.0.201904181610/tools/bin/../lib/gcc/arm-none-eabi/7.3.1/thumb/v6-m/crtbegin.o
                0x0000000020000070                . = ALIGN (0x4)

.bss            0x0000000020000070       0x98 load address 0x0000000008002814
                0x0000000020000070                _sbss = .
                0x0000000020000070                __bss_start__ = _sbss
 *(.bss)
 .bss           0x0000000020000070       0x1c c:/st/stm32cubeide_1.3.0/stm32cubeide/plugins/com.st.stm32cube.ide.mcu.externaltools.gnu-tools-for-stm32.7-2018-q2-update.win32_1.0.0.201904181610/tools/bin/../lib/gcc/arm-none-eabi/7.3.1/thumb/v6-m/crtbegin.o
 *(.bss*)
 .bss.hspi2     0x000000002000008c       0x64 Core/Src/SPIConnect.o
                0x000000002000008c                hspi2
 .bss.heap_end.5149
                0x00000000200000f0        0x4 Core/Src/sysmem.o
 .bss._ZN12_GLOBAL__N_113__new_handlerE
                0x00000000200000f4        0x4 c:/st/stm32cubeide_1.3.0/stm32cubeide/plugins/com.st.stm32cube.ide.mcu.externaltools.gnu-tools-for-stm32.7-2018-q2-update.win32_1.0.0.201904181610/tools/bin/../lib/gcc/arm-none-eabi/7.3.1/../../../../arm-none-eabi/lib/thumb/v6-m\libstdc++_nano.a(new_handler.o)
 .bss.__malloc_free_list
                0x00000000200000f8        0x4 c:/st/stm32cubeide_1.3.0/stm32cubeide/plugins/com.st.stm32cube.ide.mcu.externaltools.gnu-tools-for-stm32.7-2018-q2-update.win32_1.0.0.201904181610/tools/bin/../lib/gcc/arm-none-eabi/7.3.1/../../../../arm-none-eabi/lib/thumb/v6-m\libc_nano.a(lib_a-nano-mallocr.o)
                0x00000000200000f8                __malloc_free_list
 .bss.__malloc_sbrk_start
                0x00000000200000fc        0x4 c:/st/stm32cubeide_1.3.0/stm32cubeide/plugins/com.st.stm32cube.ide.mcu.externaltools.gnu-tools-for-stm32.7-2018-q2-update.win32_1.0.0.201904181610/tools/bin/../lib/gcc/arm-none-eabi/7.3.1/../../../../arm-none-eabi/lib/thumb/v6-m\libc_nano.a(lib_a-nano-mallocr.o)
                0x00000000200000fc                __malloc_sbrk_start
 *(COMMON)
 COMMON         0x0000000020000100        0x4 Drivers/STM32F0xx_HAL_Driver/Src/stm32f0xx_hal.o
                0x0000000020000100                uwTick
 COMMON         0x0000000020000104        0x4 c:/st/stm32cubeide_1.3.0/stm32cubeide/plugins/com.st.stm32cube.ide.mcu.externaltools.gnu-tools-for-stm32.7-2018-q2-update.win32_1.0.0.201904181610/tools/bin/../lib/gcc/arm-none-eabi/7.3.1/../../../../arm-none-eabi/lib/thumb/v6-m\libc_nano.a(lib_a-reent.o)
                0x0000000020000104                errno
                0x0000000020000108                . = ALIGN (0x4)
                0x0000000020000108                _ebss = .
                0x0000000020000108                __bss_end__ = _ebss

._user_heap_stack
                0x0000000020000108      0x600 load address 0x0000000008002814
                0x0000000020000108                . = ALIGN (0x8)
                0x0000000020000108                PROVIDE (end = .)
                [!provide]                        PROVIDE (_end = .)
                0x0000000020000308                . = (. + _Min_Heap_Size)
 *fill*         0x0000000020000108      0x200 
                0x0000000020000708                . = (. + _Min_Stack_Size)
 *fill*         0x0000000020000308      0x400 
                0x0000000020000708                . = ALIGN (0x8)

/DISCARD/
 libc.a(*)
 libm.a(*)
 libgcc.a(*)

.ARM.attributes
                0x0000000000000000       0x28
 *(.ARM.attributes)
 .ARM.attributes
                0x0000000000000000       0x1e c:/st/stm32cubeide_1.3.0/stm32cubeide/plugins/com.st.stm32cube.ide.mcu.externaltools.gnu-tools-for-stm32.7-2018-q2-update.win32_1.0.0.201904181610/tools/bin/../lib/gcc/arm-none-eabi/7.3.1/thumb/v6-m/crti.o
 .ARM.attributes
                0x000000000000001e       0x2c c:/st/stm32cubeide_1.3.0/stm32cubeide/plugins/com.st.stm32cube.ide.mcu.externaltools.gnu-tools-for-stm32.7-2018-q2-update.win32_1.0.0.201904181610/tools/bin/../lib/gcc/arm-none-eabi/7.3.1/thumb/v6-m/crtbegin.o
 .ARM.attributes
                0x000000000000004a       0x31 Core/Src/Controller.o
 .ARM.attributes
                0x000000000000007b       0x31 Core/Src/Entity.o
 .ARM.attributes
                0x00000000000000ac       0x31 Core/Src/Game.o
 .ARM.attributes
                0x00000000000000dd       0x31 Core/Src/Level.o
 .ARM.attributes
                0x000000000000010e       0x31 Core/Src/Object.o
 .ARM.attributes
                0x000000000000013f       0x31 Core/Src/Player.o
 .ARM.attributes
                0x0000000000000170       0x31 Core/Src/SPIConnect.o
 .ARM.attributes
                0x00000000000001a1       0x31 Core/Src/main.o
 .ARM.attributes
                0x00000000000001d2       0x31 Core/Src/stm32f0xx_hal_msp.o
 .ARM.attributes
                0x0000000000000203       0x31 Core/Src/stm32f0xx_it.o
 .ARM.attributes
                0x0000000000000234       0x31 Core/Src/syscalls.o
 .ARM.attributes
                0x0000000000000265       0x31 Core/Src/sysmem.o
 .ARM.attributes
                0x0000000000000296       0x31 Core/Src/system_stm32f0xx.o
 .ARM.attributes
                0x00000000000002c7       0x21 Core/Startup/startup_stm32f030r8tx.o
 .ARM.attributes
                0x00000000000002e8       0x31 Drivers/STM32F0xx_HAL_Driver/Src/stm32f0xx_hal.o
 .ARM.attributes
                0x0000000000000319       0x31 Drivers/STM32F0xx_HAL_Driver/Src/stm32f0xx_hal_cortex.o
 .ARM.attributes
                0x000000000000034a       0x31 Drivers/STM32F0xx_HAL_Driver/Src/stm32f0xx_hal_gpio.o
 .ARM.attributes
                0x000000000000037b       0x31 Drivers/STM32F0xx_HAL_Driver/Src/stm32f0xx_hal_rcc.o
 .ARM.attributes
                0x00000000000003ac       0x31 Drivers/STM32F0xx_HAL_Driver/Src/stm32f0xx_hal_spi.o
 .ARM.attributes
                0x00000000000003dd       0x2c c:/st/stm32cubeide_1.3.0/stm32cubeide/plugins/com.st.stm32cube.ide.mcu.externaltools.gnu-tools-for-stm32.7-2018-q2-update.win32_1.0.0.201904181610/tools/bin/../lib/gcc/arm-none-eabi/7.3.1/../../../../arm-none-eabi/lib/thumb/v6-m\libstdc++_nano.a(del_ops.o)
 .ARM.attributes
                0x0000000000000409       0x2c c:/st/stm32cubeide_1.3.0/stm32cubeide/plugins/com.st.stm32cube.ide.mcu.externaltools.gnu-tools-for-stm32.7-2018-q2-update.win32_1.0.0.201904181610/tools/bin/../lib/gcc/arm-none-eabi/7.3.1/../../../../arm-none-eabi/lib/thumb/v6-m\libstdc++_nano.a(new_op.o)
 .ARM.attributes
                0x0000000000000435       0x2c c:/st/stm32cubeide_1.3.0/stm32cubeide/plugins/com.st.stm32cube.ide.mcu.externaltools.gnu-tools-for-stm32.7-2018-q2-update.win32_1.0.0.201904181610/tools/bin/../lib/gcc/arm-none-eabi/7.3.1/../../../../arm-none-eabi/lib/thumb/v6-m\libstdc++_nano.a(new_handler.o)
 .ARM.attributes
                0x0000000000000461       0x2c c:/st/stm32cubeide_1.3.0/stm32cubeide/plugins/com.st.stm32cube.ide.mcu.externaltools.gnu-tools-for-stm32.7-2018-q2-update.win32_1.0.0.201904181610/tools/bin/../lib/gcc/arm-none-eabi/7.3.1/../../../../arm-none-eabi/lib/thumb/v6-m\libstdc++_nano.a(del_op.o)
 .ARM.attributes
                0x000000000000048d       0x2c c:/st/stm32cubeide_1.3.0/stm32cubeide/plugins/com.st.stm32cube.ide.mcu.externaltools.gnu-tools-for-stm32.7-2018-q2-update.win32_1.0.0.201904181610/tools/bin/../lib/gcc/arm-none-eabi/7.3.1/../../../../arm-none-eabi/lib/thumb/v6-m\libc_nano.a(lib_a-abort.o)
 .ARM.attributes
                0x00000000000004b9       0x2c c:/st/stm32cubeide_1.3.0/stm32cubeide/plugins/com.st.stm32cube.ide.mcu.externaltools.gnu-tools-for-stm32.7-2018-q2-update.win32_1.0.0.201904181610/tools/bin/../lib/gcc/arm-none-eabi/7.3.1/../../../../arm-none-eabi/lib/thumb/v6-m\libc_nano.a(lib_a-errno.o)
 .ARM.attributes
                0x00000000000004e5       0x2c c:/st/stm32cubeide_1.3.0/stm32cubeide/plugins/com.st.stm32cube.ide.mcu.externaltools.gnu-tools-for-stm32.7-2018-q2-update.win32_1.0.0.201904181610/tools/bin/../lib/gcc/arm-none-eabi/7.3.1/../../../../arm-none-eabi/lib/thumb/v6-m\libc_nano.a(lib_a-impure.o)
 .ARM.attributes
                0x0000000000000511       0x2c c:/st/stm32cubeide_1.3.0/stm32cubeide/plugins/com.st.stm32cube.ide.mcu.externaltools.gnu-tools-for-stm32.7-2018-q2-update.win32_1.0.0.201904181610/tools/bin/../lib/gcc/arm-none-eabi/7.3.1/../../../../arm-none-eabi/lib/thumb/v6-m\libc_nano.a(lib_a-init.o)
 .ARM.attributes
                0x000000000000053d       0x2c c:/st/stm32cubeide_1.3.0/stm32cubeide/plugins/com.st.stm32cube.ide.mcu.externaltools.gnu-tools-for-stm32.7-2018-q2-update.win32_1.0.0.201904181610/tools/bin/../lib/gcc/arm-none-eabi/7.3.1/../../../../arm-none-eabi/lib/thumb/v6-m\libc_nano.a(lib_a-malloc.o)
 .ARM.attributes
                0x0000000000000569       0x2c c:/st/stm32cubeide_1.3.0/stm32cubeide/plugins/com.st.stm32cube.ide.mcu.externaltools.gnu-tools-for-stm32.7-2018-q2-update.win32_1.0.0.201904181610/tools/bin/../lib/gcc/arm-none-eabi/7.3.1/../../../../arm-none-eabi/lib/thumb/v6-m\libc_nano.a(lib_a-memset.o)
 .ARM.attributes
                0x0000000000000595       0x2c c:/st/stm32cubeide_1.3.0/stm32cubeide/plugins/com.st.stm32cube.ide.mcu.externaltools.gnu-tools-for-stm32.7-2018-q2-update.win32_1.0.0.201904181610/tools/bin/../lib/gcc/arm-none-eabi/7.3.1/../../../../arm-none-eabi/lib/thumb/v6-m\libc_nano.a(lib_a-nano-freer.o)
 .ARM.attributes
                0x00000000000005c1       0x2c c:/st/stm32cubeide_1.3.0/stm32cubeide/plugins/com.st.stm32cube.ide.mcu.externaltools.gnu-tools-for-stm32.7-2018-q2-update.win32_1.0.0.201904181610/tools/bin/../lib/gcc/arm-none-eabi/7.3.1/../../../../arm-none-eabi/lib/thumb/v6-m\libc_nano.a(lib_a-nano-mallocr.o)
 .ARM.attributes
                0x00000000000005ed       0x2c c:/st/stm32cubeide_1.3.0/stm32cubeide/plugins/com.st.stm32cube.ide.mcu.externaltools.gnu-tools-for-stm32.7-2018-q2-update.win32_1.0.0.201904181610/tools/bin/../lib/gcc/arm-none-eabi/7.3.1/../../../../arm-none-eabi/lib/thumb/v6-m\libc_nano.a(lib_a-sbrkr.o)
 .ARM.attributes
                0x0000000000000619       0x2c c:/st/stm32cubeide_1.3.0/stm32cubeide/plugins/com.st.stm32cube.ide.mcu.externaltools.gnu-tools-for-stm32.7-2018-q2-update.win32_1.0.0.201904181610/tools/bin/../lib/gcc/arm-none-eabi/7.3.1/../../../../arm-none-eabi/lib/thumb/v6-m\libc_nano.a(lib_a-signal.o)
 .ARM.attributes
                0x0000000000000645       0x2c c:/st/stm32cubeide_1.3.0/stm32cubeide/plugins/com.st.stm32cube.ide.mcu.externaltools.gnu-tools-for-stm32.7-2018-q2-update.win32_1.0.0.201904181610/tools/bin/../lib/gcc/arm-none-eabi/7.3.1/../../../../arm-none-eabi/lib/thumb/v6-m\libc_nano.a(lib_a-signalr.o)
 .ARM.attributes
                0x0000000000000671       0x2c c:/st/stm32cubeide_1.3.0/stm32cubeide/plugins/com.st.stm32cube.ide.mcu.externaltools.gnu-tools-for-stm32.7-2018-q2-update.win32_1.0.0.201904181610/tools/bin/../lib/gcc/arm-none-eabi/7.3.1/../../../../arm-none-eabi/lib/thumb/v6-m\libc_nano.a(lib_a-mlock.o)
 .ARM.attributes
                0x000000000000069d       0x2c c:/st/stm32cubeide_1.3.0/stm32cubeide/plugins/com.st.stm32cube.ide.mcu.externaltools.gnu-tools-for-stm32.7-2018-q2-update.win32_1.0.0.201904181610/tools/bin/../lib/gcc/arm-none-eabi/7.3.1/../../../../arm-none-eabi/lib/thumb/v6-m\libc_nano.a(lib_a-reent.o)
 .ARM.attributes
                0x00000000000006c9       0x1e c:/st/stm32cubeide_1.3.0/stm32cubeide/plugins/com.st.stm32cube.ide.mcu.externaltools.gnu-tools-for-stm32.7-2018-q2-update.win32_1.0.0.201904181610/tools/bin/../lib/gcc/arm-none-eabi/7.3.1/thumb/v6-m\libgcc.a(_udivsi3.o)
 .ARM.attributes
                0x00000000000006e7       0x1e c:/st/stm32cubeide_1.3.0/stm32cubeide/plugins/com.st.stm32cube.ide.mcu.externaltools.gnu-tools-for-stm32.7-2018-q2-update.win32_1.0.0.201904181610/tools/bin/../lib/gcc/arm-none-eabi/7.3.1/thumb/v6-m\libgcc.a(_dvmd_tls.o)
 .ARM.attributes
                0x0000000000000705       0x1e c:/st/stm32cubeide_1.3.0/stm32cubeide/plugins/com.st.stm32cube.ide.mcu.externaltools.gnu-tools-for-stm32.7-2018-q2-update.win32_1.0.0.201904181610/tools/bin/../lib/gcc/arm-none-eabi/7.3.1/thumb/v6-m/crtn.o
OUTPUT(bombup.elf elf32-littlearm)

.debug_info     0x0000000000000000     0x78cd
 .debug_info    0x0000000000000000      0x277 Core/Src/Controller.o
 .debug_info    0x0000000000000277      0x34b Core/Src/Entity.o
 .debug_info    0x00000000000005c2      0x3e0 Core/Src/Game.o
 .debug_info    0x00000000000009a2      0x4e6 Core/Src/Level.o
 .debug_info    0x0000000000000e88      0x195 Core/Src/Object.o
 .debug_info    0x000000000000101d      0x21e Core/Src/Player.o
 .debug_info    0x000000000000123b      0x9aa Core/Src/SPIConnect.o
 .debug_info    0x0000000000001be5      0x5f6 Core/Src/main.o
 .debug_info    0x00000000000021db      0x875 Core/Src/stm32f0xx_hal_msp.o
 .debug_info    0x0000000000002a50      0x1a2 Core/Src/stm32f0xx_it.o
 .debug_info    0x0000000000002bf2      0xebd Core/Src/syscalls.o
 .debug_info    0x0000000000003aaf      0x91c Core/Src/sysmem.o
 .debug_info    0x00000000000043cb      0x29e Core/Src/system_stm32f0xx.o
 .debug_info    0x0000000000004669       0x22 Core/Startup/startup_stm32f030r8tx.o
 .debug_info    0x000000000000468b      0x685 Drivers/STM32F0xx_HAL_Driver/Src/stm32f0xx_hal.o
 .debug_info    0x0000000000004d10      0x762 Drivers/STM32F0xx_HAL_Driver/Src/stm32f0xx_hal_cortex.o
 .debug_info    0x0000000000005472      0x665 Drivers/STM32F0xx_HAL_Driver/Src/stm32f0xx_hal_gpio.o
 .debug_info    0x0000000000005ad7      0x80a Drivers/STM32F0xx_HAL_Driver/Src/stm32f0xx_hal_rcc.o
 .debug_info    0x00000000000062e1     0x15ec Drivers/STM32F0xx_HAL_Driver/Src/stm32f0xx_hal_spi.o

.debug_abbrev   0x0000000000000000     0x21c8
 .debug_abbrev  0x0000000000000000      0x1d5 Core/Src/Controller.o
 .debug_abbrev  0x00000000000001d5      0x1d8 Core/Src/Entity.o
 .debug_abbrev  0x00000000000003ad      0x250 Core/Src/Game.o
 .debug_abbrev  0x00000000000005fd      0x286 Core/Src/Level.o
 .debug_abbrev  0x0000000000000883      0x13d Core/Src/Object.o
 .debug_abbrev  0x00000000000009c0      0x181 Core/Src/Player.o
 .debug_abbrev  0x0000000000000b41      0x2c7 Core/Src/SPIConnect.o
 .debug_abbrev  0x0000000000000e08      0x1b9 Core/Src/main.o
 .debug_abbrev  0x0000000000000fc1      0x18c Core/Src/stm32f0xx_hal_msp.o
 .debug_abbrev  0x000000000000114d       0xc6 Core/Src/stm32f0xx_it.o
 .debug_abbrev  0x0000000000001213      0x261 Core/Src/syscalls.o
 .debug_abbrev  0x0000000000001474      0x1bb Core/Src/sysmem.o
 .debug_abbrev  0x000000000000162f      0x12b Core/Src/system_stm32f0xx.o
 .debug_abbrev  0x000000000000175a       0x12 Core/Startup/startup_stm32f030r8tx.o
 .debug_abbrev  0x000000000000176c      0x1f2 Drivers/STM32F0xx_HAL_Driver/Src/stm32f0xx_hal.o
 .debug_abbrev  0x000000000000195e      0x273 Drivers/STM32F0xx_HAL_Driver/Src/stm32f0xx_hal_cortex.o
 .debug_abbrev  0x0000000000001bd1      0x1c0 Drivers/STM32F0xx_HAL_Driver/Src/stm32f0xx_hal_gpio.o
 .debug_abbrev  0x0000000000001d91      0x20f Drivers/STM32F0xx_HAL_Driver/Src/stm32f0xx_hal_rcc.o
 .debug_abbrev  0x0000000000001fa0      0x228 Drivers/STM32F0xx_HAL_Driver/Src/stm32f0xx_hal_spi.o

.debug_aranges  0x0000000000000000      0x7c8
 .debug_aranges
                0x0000000000000000       0x40 Core/Src/Controller.o
 .debug_aranges
                0x0000000000000040       0x50 Core/Src/Entity.o
 .debug_aranges
                0x0000000000000090       0x48 Core/Src/Game.o
 .debug_aranges
                0x00000000000000d8       0x40 Core/Src/Level.o
 .debug_aranges
                0x0000000000000118       0x30 Core/Src/Object.o
 .debug_aranges
                0x0000000000000148       0x38 Core/Src/Player.o
 .debug_aranges
                0x0000000000000180       0x48 Core/Src/SPIConnect.o
 .debug_aranges
                0x00000000000001c8       0x38 Core/Src/main.o
 .debug_aranges
                0x0000000000000200       0x30 Core/Src/stm32f0xx_hal_msp.o
 .debug_aranges
                0x0000000000000230       0x40 Core/Src/stm32f0xx_it.o
 .debug_aranges
                0x0000000000000270       0xa8 Core/Src/syscalls.o
 .debug_aranges
                0x0000000000000318       0x20 Core/Src/sysmem.o
 .debug_aranges
                0x0000000000000338       0x28 Core/Src/system_stm32f0xx.o
 .debug_aranges
                0x0000000000000360       0x28 Core/Startup/startup_stm32f030r8tx.o
 .debug_aranges
                0x0000000000000388       0xd0 Drivers/STM32F0xx_HAL_Driver/Src/stm32f0xx_hal.o
 .debug_aranges
                0x0000000000000458       0xc0 Drivers/STM32F0xx_HAL_Driver/Src/stm32f0xx_hal_cortex.o
 .debug_aranges
                0x0000000000000518       0x58 Drivers/STM32F0xx_HAL_Driver/Src/stm32f0xx_hal_gpio.o
 .debug_aranges
                0x0000000000000570       0x80 Drivers/STM32F0xx_HAL_Driver/Src/stm32f0xx_hal_rcc.o
 .debug_aranges
                0x00000000000005f0      0x1d8 Drivers/STM32F0xx_HAL_Driver/Src/stm32f0xx_hal_spi.o

.debug_ranges   0x0000000000000000      0x6a0
 .debug_ranges  0x0000000000000000       0x30 Core/Src/Controller.o
 .debug_ranges  0x0000000000000030       0x40 Core/Src/Entity.o
 .debug_ranges  0x0000000000000070       0x38 Core/Src/Game.o
 .debug_ranges  0x00000000000000a8       0x30 Core/Src/Level.o
 .debug_ranges  0x00000000000000d8       0x20 Core/Src/Object.o
 .debug_ranges  0x00000000000000f8       0x28 Core/Src/Player.o
 .debug_ranges  0x0000000000000120       0x38 Core/Src/SPIConnect.o
 .debug_ranges  0x0000000000000158       0x28 Core/Src/main.o
 .debug_ranges  0x0000000000000180       0x20 Core/Src/stm32f0xx_hal_msp.o
 .debug_ranges  0x00000000000001a0       0x30 Core/Src/stm32f0xx_it.o
 .debug_ranges  0x00000000000001d0       0x98 Core/Src/syscalls.o
 .debug_ranges  0x0000000000000268       0x10 Core/Src/sysmem.o
 .debug_ranges  0x0000000000000278       0x18 Core/Src/system_stm32f0xx.o
 .debug_ranges  0x0000000000000290       0x20 Core/Startup/startup_stm32f030r8tx.o
 .debug_ranges  0x00000000000002b0       0xc0 Drivers/STM32F0xx_HAL_Driver/Src/stm32f0xx_hal.o
 .debug_ranges  0x0000000000000370       0xb0 Drivers/STM32F0xx_HAL_Driver/Src/stm32f0xx_hal_cortex.o
 .debug_ranges  0x0000000000000420       0x48 Drivers/STM32F0xx_HAL_Driver/Src/stm32f0xx_hal_gpio.o
 .debug_ranges  0x0000000000000468       0x70 Drivers/STM32F0xx_HAL_Driver/Src/stm32f0xx_hal_rcc.o
 .debug_ranges  0x00000000000004d8      0x1c8 Drivers/STM32F0xx_HAL_Driver/Src/stm32f0xx_hal_spi.o

.debug_macro    0x0000000000000000     0xde95
 .debug_macro   0x0000000000000000       0x1b Core/Src/Controller.o
 .debug_macro   0x000000000000001b      0xb1a Core/Src/Controller.o
 .debug_macro   0x0000000000000b35       0x1b Core/Src/Entity.o
 .debug_macro   0x0000000000000b50      0x202 Core/Src/Game.o
 .debug_macro   0x0000000000000d52      0x12d Core/Src/Game.o
 .debug_macro   0x0000000000000e7f       0x2e Core/Src/Game.o
 .debug_macro   0x0000000000000ead       0x22 Core/Src/Game.o
 .debug_macro   0x0000000000000ecf       0x1c Core/Src/Game.o
 .debug_macro   0x0000000000000eeb       0x22 Core/Src/Game.o
 .debug_macro   0x0000000000000f0d       0x8e Core/Src/Game.o
 .debug_macro   0x0000000000000f9b       0x51 Core/Src/Game.o
 .debug_macro   0x0000000000000fec       0xef Core/Src/Game.o
 .debug_macro   0x00000000000010db       0x6a Core/Src/Game.o
 .debug_macro   0x0000000000001145      0x1df Core/Src/Game.o
 .debug_macro   0x0000000000001324       0x1c Core/Src/Game.o
 .debug_macro   0x0000000000001340       0x22 Core/Src/Game.o
 .debug_macro   0x0000000000001362       0xb5 Core/Src/Game.o
 .debug_macro   0x0000000000001417      0x391 Core/Src/Game.o
 .debug_macro   0x00000000000017a8     0x6f39 Core/Src/Game.o
 .debug_macro   0x00000000000086e1       0x3c Core/Src/Game.o
 .debug_macro   0x000000000000871d      0x17b Core/Src/Game.o
 .debug_macro   0x0000000000008898       0x53 Core/Src/Game.o
 .debug_macro   0x00000000000088eb      0x924 Core/Src/Game.o
 .debug_macro   0x000000000000920f      0x17f Core/Src/Game.o
 .debug_macro   0x000000000000938e      0x12f Core/Src/Game.o
 .debug_macro   0x00000000000094bd       0xd9 Core/Src/Game.o
 .debug_macro   0x0000000000009596      0x1a0 Core/Src/Game.o
 .debug_macro   0x0000000000009736      0x1ed Core/Src/Game.o
 .debug_macro   0x0000000000009923       0x34 Core/Src/Game.o
 .debug_macro   0x0000000000009957       0x43 Core/Src/Game.o
 .debug_macro   0x000000000000999a       0x28 Core/Src/Game.o
 .debug_macro   0x00000000000099c2       0xb0 Core/Src/Game.o
 .debug_macro   0x0000000000009a72      0x199 Core/Src/Game.o
 .debug_macro   0x0000000000009c0b      0x22c Core/Src/Game.o
 .debug_macro   0x0000000000009e37       0x5f Core/Src/Game.o
 .debug_macro   0x0000000000009e96       0xa5 Core/Src/Game.o
 .debug_macro   0x0000000000009f3b       0x4c Core/Src/Game.o
 .debug_macro   0x0000000000009f87       0x2b Core/Src/Game.o
 .debug_macro   0x0000000000009fb2      0x305 Core/Src/Game.o
 .debug_macro   0x000000000000a2b7       0xff Core/Src/Game.o
 .debug_macro   0x000000000000a3b6      0x1ea Core/Src/Level.o
 .debug_macro   0x000000000000a5a0       0x1b Core/Src/Object.o
 .debug_macro   0x000000000000a5bb       0x25 Core/Src/Player.o
 .debug_macro   0x000000000000a5e0      0x1b4 Core/Src/SPIConnect.o
 .debug_macro   0x000000000000a794      0x1fe Core/Src/main.o
 .debug_macro   0x000000000000a992      0x1af Core/Src/stm32f0xx_hal_msp.o
 .debug_macro   0x000000000000ab41      0xa48 Core/Src/stm32f0xx_hal_msp.o
 .debug_macro   0x000000000000b589      0x391 Core/Src/stm32f0xx_hal_msp.o
 .debug_macro   0x000000000000b91a      0x174 Core/Src/stm32f0xx_hal_msp.o
 .debug_macro   0x000000000000ba8e      0x1b9 Core/Src/stm32f0xx_it.o
 .debug_macro   0x000000000000bc47      0x243 Core/Src/syscalls.o
 .debug_macro   0x000000000000be8a       0x40 Core/Src/syscalls.o
 .debug_macro   0x000000000000beca       0x18 Core/Src/syscalls.o
 .debug_macro   0x000000000000bee2       0x94 Core/Src/syscalls.o
 .debug_macro   0x000000000000bf76       0x3c Core/Src/syscalls.o
 .debug_macro   0x000000000000bfb2       0x34 Core/Src/syscalls.o
 .debug_macro   0x000000000000bfe6       0x57 Core/Src/syscalls.o
 .debug_macro   0x000000000000c03d      0x330 Core/Src/syscalls.o
 .debug_macro   0x000000000000c36d       0x52 Core/Src/syscalls.o
 .debug_macro   0x000000000000c3bf       0x1f Core/Src/syscalls.o
 .debug_macro   0x000000000000c3de       0x43 Core/Src/syscalls.o
 .debug_macro   0x000000000000c421       0x20 Core/Src/syscalls.o
 .debug_macro   0x000000000000c441      0x1a3 Core/Src/syscalls.o
 .debug_macro   0x000000000000c5e4       0x10 Core/Src/syscalls.o
 .debug_macro   0x000000000000c5f4       0x35 Core/Src/syscalls.o
 .debug_macro   0x000000000000c629       0x10 Core/Src/syscalls.o
 .debug_macro   0x000000000000c639       0x10 Core/Src/syscalls.o
 .debug_macro   0x000000000000c649       0x10 Core/Src/syscalls.o
 .debug_macro   0x000000000000c659       0x1c Core/Src/syscalls.o
 .debug_macro   0x000000000000c675       0x52 Core/Src/syscalls.o
 .debug_macro   0x000000000000c6c7       0x40 Core/Src/syscalls.o
 .debug_macro   0x000000000000c707       0x10 Core/Src/syscalls.o
 .debug_macro   0x000000000000c717       0x40 Core/Src/syscalls.o
 .debug_macro   0x000000000000c757       0xd7 Core/Src/syscalls.o
 .debug_macro   0x000000000000c82e       0x1c Core/Src/syscalls.o
 .debug_macro   0x000000000000c84a       0x3d Core/Src/syscalls.o
 .debug_macro   0x000000000000c887       0x35 Core/Src/syscalls.o
 .debug_macro   0x000000000000c8bc      0x122 Core/Src/syscalls.o
 .debug_macro   0x000000000000c9de       0x16 Core/Src/syscalls.o
 .debug_macro   0x000000000000c9f4       0x16 Core/Src/syscalls.o
 .debug_macro   0x000000000000ca0a       0x29 Core/Src/syscalls.o
 .debug_macro   0x000000000000ca33       0x10 Core/Src/syscalls.o
 .debug_macro   0x000000000000ca43      0x241 Core/Src/syscalls.o
 .debug_macro   0x000000000000cc84       0x1c Core/Src/syscalls.o
 .debug_macro   0x000000000000cca0       0x10 Core/Src/syscalls.o
 .debug_macro   0x000000000000ccb0       0x10 Core/Src/syscalls.o
 .debug_macro   0x000000000000ccc0       0x16 Core/Src/syscalls.o
 .debug_macro   0x000000000000ccd6      0x145 Core/Src/syscalls.o
 .debug_macro   0x000000000000ce1b      0x189 Core/Src/syscalls.o
 .debug_macro   0x000000000000cfa4       0x16 Core/Src/syscalls.o
 .debug_macro   0x000000000000cfba       0x88 Core/Src/syscalls.o
 .debug_macro   0x000000000000d042      0x1ae Core/Src/sysmem.o
 .debug_macro   0x000000000000d1f0      0x23b Core/Src/sysmem.o
 .debug_macro   0x000000000000d42b       0x16 Core/Src/sysmem.o
 .debug_macro   0x000000000000d441      0x1a5 Core/Src/system_stm32f0xx.o
 .debug_macro   0x000000000000d5e6      0x1c9 Drivers/STM32F0xx_HAL_Driver/Src/stm32f0xx_hal.o
 .debug_macro   0x000000000000d7af      0x1a5 Drivers/STM32F0xx_HAL_Driver/Src/stm32f0xx_hal_cortex.o
 .debug_macro   0x000000000000d954      0x1dd Drivers/STM32F0xx_HAL_Driver/Src/stm32f0xx_hal_gpio.o
 .debug_macro   0x000000000000db31      0x1b7 Drivers/STM32F0xx_HAL_Driver/Src/stm32f0xx_hal_rcc.o
 .debug_macro   0x000000000000dce8      0x1ad Drivers/STM32F0xx_HAL_Driver/Src/stm32f0xx_hal_spi.o

.debug_line     0x0000000000000000     0x723f
 .debug_line    0x0000000000000000       0xab Core/Src/Controller.o
 .debug_line    0x00000000000000ab       0xdb Core/Src/Entity.o
 .debug_line    0x0000000000000186      0x702 Core/Src/Game.o
 .debug_line    0x0000000000000888      0x774 Core/Src/Level.o
 .debug_line    0x0000000000000ffc       0x81 Core/Src/Object.o
 .debug_line    0x000000000000107d       0x9f Core/Src/Player.o
 .debug_line    0x000000000000111c      0x6d2 Core/Src/SPIConnect.o
 .debug_line    0x00000000000017ee      0x732 Core/Src/main.o
 .debug_line    0x0000000000001f20      0x698 Core/Src/stm32f0xx_hal_msp.o
 .debug_line    0x00000000000025b8      0x6bd Core/Src/stm32f0xx_it.o
 .debug_line    0x0000000000002c75      0x73e Core/Src/syscalls.o
 .debug_line    0x00000000000033b3      0x55e Core/Src/sysmem.o
 .debug_line    0x0000000000003911      0x683 Core/Src/system_stm32f0xx.o
 .debug_line    0x0000000000003f94       0x89 Core/Startup/startup_stm32f030r8tx.o
 .debug_line    0x000000000000401d      0x81f Drivers/STM32F0xx_HAL_Driver/Src/stm32f0xx_hal.o
 .debug_line    0x000000000000483c      0x837 Drivers/STM32F0xx_HAL_Driver/Src/stm32f0xx_hal_cortex.o
 .debug_line    0x0000000000005073      0x7e4 Drivers/STM32F0xx_HAL_Driver/Src/stm32f0xx_hal_gpio.o
 .debug_line    0x0000000000005857      0x8e0 Drivers/STM32F0xx_HAL_Driver/Src/stm32f0xx_hal_rcc.o
 .debug_line    0x0000000000006137     0x1108 Drivers/STM32F0xx_HAL_Driver/Src/stm32f0xx_hal_spi.o

.debug_str      0x0000000000000000    0x447dd
 .debug_str     0x0000000000000000     0x31a3 Core/Src/Controller.o
                                       0x31b5 (size before relaxing)
 .debug_str     0x00000000000031a3      0x10b Core/Src/Entity.o
                                       0x3176 (size before relaxing)
 .debug_str     0x00000000000032ae    0x3a50f Core/Src/Game.o
                                      0x3d791 (size before relaxing)
 .debug_str     0x000000000003d7bd      0x128 Core/Src/Level.o
                                      0x3d7db (size before relaxing)
 .debug_str     0x000000000003d8e5       0x89 Core/Src/Object.o
                                       0x30e5 (size before relaxing)
 .debug_str     0x000000000003d96e       0x9f Core/Src/Player.o
                                       0x3107 (size before relaxing)
 .debug_str     0x000000000003da0d      0x56a Core/Src/SPIConnect.o
                                      0x3dcc5 (size before relaxing)
 .debug_str     0x000000000003df77      0x209 Core/Src/main.o
                                      0x3d9c4 (size before relaxing)
 .debug_str     0x000000000003e180      0x20d Core/Src/stm32f0xx_hal_msp.o
                                      0x3d63e (size before relaxing)
 .debug_str     0x000000000003e38d       0x76 Core/Src/stm32f0xx_it.o
                                      0x3d1c3 (size before relaxing)
 .debug_str     0x000000000003e403     0x5279 Core/Src/syscalls.o
                                       0x87eb (size before relaxing)
 .debug_str     0x000000000004367c       0x36 Core/Src/sysmem.o
                                       0x7a44 (size before relaxing)
 .debug_str     0x00000000000436b2       0x5f Core/Src/system_stm32f0xx.o
                                      0x3d1f5 (size before relaxing)
 .debug_str     0x0000000000043711       0x36 Core/Startup/startup_stm32f030r8tx.o
                                         0x6f (size before relaxing)
 .debug_str     0x0000000000043747      0x4ac Drivers/STM32F0xx_HAL_Driver/Src/stm32f0xx_hal.o
                                      0x3d701 (size before relaxing)
 .debug_str     0x0000000000043bf3      0x220 Drivers/STM32F0xx_HAL_Driver/Src/stm32f0xx_hal_cortex.o
                                      0x3d5b5 (size before relaxing)
 .debug_str     0x0000000000043e13      0x205 Drivers/STM32F0xx_HAL_Driver/Src/stm32f0xx_hal_gpio.o
                                      0x3d491 (size before relaxing)
 .debug_str     0x0000000000044018      0x249 Drivers/STM32F0xx_HAL_Driver/Src/stm32f0xx_hal_rcc.o
                                      0x3d5ff (size before relaxing)
 .debug_str     0x0000000000044261      0x57c Drivers/STM32F0xx_HAL_Driver/Src/stm32f0xx_hal_spi.o
                                      0x3db28 (size before relaxing)

.comment        0x0000000000000000       0x7b
 .comment       0x0000000000000000       0x7b Core/Src/Controller.o
                                         0x7c (size before relaxing)
 .comment       0x000000000000007b       0x7c Core/Src/Entity.o
 .comment       0x000000000000007b       0x7c Core/Src/Game.o
 .comment       0x000000000000007b       0x7c Core/Src/Level.o
 .comment       0x000000000000007b       0x7c Core/Src/Object.o
 .comment       0x000000000000007b       0x7c Core/Src/Player.o
 .comment       0x000000000000007b       0x7c Core/Src/SPIConnect.o
 .comment       0x000000000000007b       0x7c Core/Src/main.o
 .comment       0x000000000000007b       0x7c Core/Src/stm32f0xx_hal_msp.o
 .comment       0x000000000000007b       0x7c Core/Src/stm32f0xx_it.o
 .comment       0x000000000000007b       0x7c Core/Src/syscalls.o
 .comment       0x000000000000007b       0x7c Core/Src/sysmem.o
 .comment       0x000000000000007b       0x7c Core/Src/system_stm32f0xx.o
 .comment       0x000000000000007b       0x7c Drivers/STM32F0xx_HAL_Driver/Src/stm32f0xx_hal.o
 .comment       0x000000000000007b       0x7c Drivers/STM32F0xx_HAL_Driver/Src/stm32f0xx_hal_cortex.o
 .comment       0x000000000000007b       0x7c Drivers/STM32F0xx_HAL_Driver/Src/stm32f0xx_hal_gpio.o
 .comment       0x000000000000007b       0x7c Drivers/STM32F0xx_HAL_Driver/Src/stm32f0xx_hal_rcc.o
 .comment       0x000000000000007b       0x7c Drivers/STM32F0xx_HAL_Driver/Src/stm32f0xx_hal_spi.o

.debug_frame    0x0000000000000000     0x1c00
 .debug_frame   0x0000000000000000       0xb0 Core/Src/Controller.o
 .debug_frame   0x00000000000000b0       0xf0 Core/Src/Entity.o
 .debug_frame   0x00000000000001a0       0xd0 Core/Src/Game.o
 .debug_frame   0x0000000000000270       0xb4 Core/Src/Level.o
 .debug_frame   0x0000000000000324       0x70 Core/Src/Object.o
 .debug_frame   0x0000000000000394       0x90 Core/Src/Player.o
 .debug_frame   0x0000000000000424       0xc8 Core/Src/SPIConnect.o
 .debug_frame   0x00000000000004ec       0x90 Core/Src/main.o
 .debug_frame   0x000000000000057c       0x70 Core/Src/stm32f0xx_hal_msp.o
 .debug_frame   0x00000000000005ec       0x9c Core/Src/stm32f0xx_it.o
 .debug_frame   0x0000000000000688      0x244 Core/Src/syscalls.o
 .debug_frame   0x00000000000008cc       0x30 Core/Src/sysmem.o
 .debug_frame   0x00000000000008fc       0x4c Core/Src/system_stm32f0xx.o
 .debug_frame   0x0000000000000948      0x2a4 Drivers/STM32F0xx_HAL_Driver/Src/stm32f0xx_hal.o
 .debug_frame   0x0000000000000bec      0x2a0 Drivers/STM32F0xx_HAL_Driver/Src/stm32f0xx_hal_cortex.o
 .debug_frame   0x0000000000000e8c      0x110 Drivers/STM32F0xx_HAL_Driver/Src/stm32f0xx_hal_gpio.o
 .debug_frame   0x0000000000000f9c      0x198 Drivers/STM32F0xx_HAL_Driver/Src/stm32f0xx_hal_rcc.o
 .debug_frame   0x0000000000001134      0x710 Drivers/STM32F0xx_HAL_Driver/Src/stm32f0xx_hal_spi.o
 .debug_frame   0x0000000000001844       0x28 c:/st/stm32cubeide_1.3.0/stm32cubeide/plugins/com.st.stm32cube.ide.mcu.externaltools.gnu-tools-for-stm32.7-2018-q2-update.win32_1.0.0.201904181610/tools/bin/../lib/gcc/arm-none-eabi/7.3.1/../../../../arm-none-eabi/lib/thumb/v6-m\libstdc++_nano.a(del_ops.o)
 .debug_frame   0x000000000000186c       0x28 c:/st/stm32cubeide_1.3.0/stm32cubeide/plugins/com.st.stm32cube.ide.mcu.externaltools.gnu-tools-for-stm32.7-2018-q2-update.win32_1.0.0.201904181610/tools/bin/../lib/gcc/arm-none-eabi/7.3.1/../../../../arm-none-eabi/lib/thumb/v6-m\libstdc++_nano.a(new_op.o)
 .debug_frame   0x0000000000001894       0x30 c:/st/stm32cubeide_1.3.0/stm32cubeide/plugins/com.st.stm32cube.ide.mcu.externaltools.gnu-tools-for-stm32.7-2018-q2-update.win32_1.0.0.201904181610/tools/bin/../lib/gcc/arm-none-eabi/7.3.1/../../../../arm-none-eabi/lib/thumb/v6-m\libstdc++_nano.a(new_handler.o)
 .debug_frame   0x00000000000018c4       0x28 c:/st/stm32cubeide_1.3.0/stm32cubeide/plugins/com.st.stm32cube.ide.mcu.externaltools.gnu-tools-for-stm32.7-2018-q2-update.win32_1.0.0.201904181610/tools/bin/../lib/gcc/arm-none-eabi/7.3.1/../../../../arm-none-eabi/lib/thumb/v6-m\libstdc++_nano.a(del_op.o)
 .debug_frame   0x00000000000018ec       0x28 c:/st/stm32cubeide_1.3.0/stm32cubeide/plugins/com.st.stm32cube.ide.mcu.externaltools.gnu-tools-for-stm32.7-2018-q2-update.win32_1.0.0.201904181610/tools/bin/../lib/gcc/arm-none-eabi/7.3.1/../../../../arm-none-eabi/lib/thumb/v6-m\libc_nano.a(lib_a-abort.o)
 .debug_frame   0x0000000000001914       0x20 c:/st/stm32cubeide_1.3.0/stm32cubeide/plugins/com.st.stm32cube.ide.mcu.externaltools.gnu-tools-for-stm32.7-2018-q2-update.win32_1.0.0.201904181610/tools/bin/../lib/gcc/arm-none-eabi/7.3.1/../../../../arm-none-eabi/lib/thumb/v6-m\libc_nano.a(lib_a-errno.o)
 .debug_frame   0x0000000000001934       0x2c c:/st/stm32cubeide_1.3.0/stm32cubeide/plugins/com.st.stm32cube.ide.mcu.externaltools.gnu-tools-for-stm32.7-2018-q2-update.win32_1.0.0.201904181610/tools/bin/../lib/gcc/arm-none-eabi/7.3.1/../../../../arm-none-eabi/lib/thumb/v6-m\libc_nano.a(lib_a-init.o)
 .debug_frame   0x0000000000001960       0x40 c:/st/stm32cubeide_1.3.0/stm32cubeide/plugins/com.st.stm32cube.ide.mcu.externaltools.gnu-tools-for-stm32.7-2018-q2-update.win32_1.0.0.201904181610/tools/bin/../lib/gcc/arm-none-eabi/7.3.1/../../../../arm-none-eabi/lib/thumb/v6-m\libc_nano.a(lib_a-malloc.o)
 .debug_frame   0x00000000000019a0       0x20 c:/st/stm32cubeide_1.3.0/stm32cubeide/plugins/com.st.stm32cube.ide.mcu.externaltools.gnu-tools-for-stm32.7-2018-q2-update.win32_1.0.0.201904181610/tools/bin/../lib/gcc/arm-none-eabi/7.3.1/../../../../arm-none-eabi/lib/thumb/v6-m\libc_nano.a(lib_a-memset.o)
 .debug_frame   0x00000000000019c0       0x2c c:/st/stm32cubeide_1.3.0/stm32cubeide/plugins/com.st.stm32cube.ide.mcu.externaltools.gnu-tools-for-stm32.7-2018-q2-update.win32_1.0.0.201904181610/tools/bin/../lib/gcc/arm-none-eabi/7.3.1/../../../../arm-none-eabi/lib/thumb/v6-m\libc_nano.a(lib_a-nano-freer.o)
 .debug_frame   0x00000000000019ec       0x2c c:/st/stm32cubeide_1.3.0/stm32cubeide/plugins/com.st.stm32cube.ide.mcu.externaltools.gnu-tools-for-stm32.7-2018-q2-update.win32_1.0.0.201904181610/tools/bin/../lib/gcc/arm-none-eabi/7.3.1/../../../../arm-none-eabi/lib/thumb/v6-m\libc_nano.a(lib_a-nano-mallocr.o)
 .debug_frame   0x0000000000001a18       0x2c c:/st/stm32cubeide_1.3.0/stm32cubeide/plugins/com.st.stm32cube.ide.mcu.externaltools.gnu-tools-for-stm32.7-2018-q2-update.win32_1.0.0.201904181610/tools/bin/../lib/gcc/arm-none-eabi/7.3.1/../../../../arm-none-eabi/lib/thumb/v6-m\libc_nano.a(lib_a-sbrkr.o)
 .debug_frame   0x0000000000001a44       0xe0 c:/st/stm32cubeide_1.3.0/stm32cubeide/plugins/com.st.stm32cube.ide.mcu.externaltools.gnu-tools-for-stm32.7-2018-q2-update.win32_1.0.0.201904181610/tools/bin/../lib/gcc/arm-none-eabi/7.3.1/../../../../arm-none-eabi/lib/thumb/v6-m\libc_nano.a(lib_a-signal.o)
 .debug_frame   0x0000000000001b24       0x44 c:/st/stm32cubeide_1.3.0/stm32cubeide/plugins/com.st.stm32cube.ide.mcu.externaltools.gnu-tools-for-stm32.7-2018-q2-update.win32_1.0.0.201904181610/tools/bin/../lib/gcc/arm-none-eabi/7.3.1/../../../../arm-none-eabi/lib/thumb/v6-m\libc_nano.a(lib_a-signalr.o)
 .debug_frame   0x0000000000001b68       0x30 c:/st/stm32cubeide_1.3.0/stm32cubeide/plugins/com.st.stm32cube.ide.mcu.externaltools.gnu-tools-for-stm32.7-2018-q2-update.win32_1.0.0.201904181610/tools/bin/../lib/gcc/arm-none-eabi/7.3.1/../../../../arm-none-eabi/lib/thumb/v6-m\libc_nano.a(lib_a-mlock.o)
 .debug_frame   0x0000000000001b98       0x48 c:/st/stm32cubeide_1.3.0/stm32cubeide/plugins/com.st.stm32cube.ide.mcu.externaltools.gnu-tools-for-stm32.7-2018-q2-update.win32_1.0.0.201904181610/tools/bin/../lib/gcc/arm-none-eabi/7.3.1/../../../../arm-none-eabi/lib/thumb/v6-m\libc_nano.a(lib_a-reent.o)
 .debug_frame   0x0000000000001be0       0x20 c:/st/stm32cubeide_1.3.0/stm32cubeide/plugins/com.st.stm32cube.ide.mcu.externaltools.gnu-tools-for-stm32.7-2018-q2-update.win32_1.0.0.201904181610/tools/bin/../lib/gcc/arm-none-eabi/7.3.1/thumb/v6-m\libgcc.a(_udivsi3.o)
